// Jest Snapshot v1, https://goo.gl/fbAQLP

exports[`Tests for <GifGridItem /> Should show <GifGridItem /> correctly 1`] = `
<div
  className="card animate__animated animate__fadeIn"
>
  <img
    alt="Test title"
    src="http://localhost/test.png"
  />
  <p>
    Test title
  </p>
</div>
`;
